// Jest Snapshot v1, https://goo.gl/fbAQLP

exports[`Search should render with given state from Redux store 1`] = `
<section>
  <h2
    className="title"
  >
    Find your movie
  </h2>
  <form
    className="form"
    onSubmit={[Function]}
  >
    <input
      className="search"
      placeholder="Search"
      type="text"
    />
    <button
      className="button"
    >
      Search
    </button>
  </form>
  <div
    className="content"
  >
    <span
      className="text"
    >
      Search by
    </span>
    <div
      className="buttonGroup"
    >
      <button
        className="button"
        data-selected={true}
        onClick={[Function]}
      >
        Title
      </button>
      <button
        className="button"
        data-selected={false}
        onClick={[Function]}
      >
        Genre
      </button>
    </div>
  </div>
</section>
`;
