// Jest Snapshot v1, https://goo.gl/fbAQLP

exports[`FilmCard should render with empty Films state from Redux store 1`] = `
<section
  className="content"
>
  <div
    className="notFound"
  >
    No films found.
  </div>
</section>
`;

exports[`FilmCard should render with given state from Redux store 1`] = `
<section
  className="content"
>
  <div
    className="content"
  >
    <img
      alt="Film Title"
      className="cover"
      src="src/to/image"
    />
    <div
      className="info"
    >
      <span>
        Film Title
      </span>
      <span
        className="date"
      >
        2019
      </span>
    </div>
    <span
      className="genre"
    >
      Fantasy
       
    </span>
  </div>
  <div
    className="content"
  >
    <img
      alt="Another Film Title"
      className="cover"
      src="src/to/another/image"
    />
    <div
      className="info"
    >
      <span>
        Another Film Title
      </span>
      <span
        className="date"
      >
        2020
      </span>
    </div>
    <span
      className="genre"
    >
      Comedy
       
    </span>
  </div>
</section>
`;

exports[`FilmCard should render with undefined Films state from Redux store 1`] = `
<section
  className="content"
>
  <div
    className="notFound"
  >
    No films found.
  </div>
</section>
`;
