// Jest Snapshot v1, https://goo.gl/fbAQLP

exports[`FilmCard should render film card correctly 1`] = `
<div
  className="content"
  key="2516"
>
  <img
    alt="image alt text"
    className="cover"
    src="src/to/image"
  />
  <div
    className="info"
  >
    <span>
      Film Title
    </span>
    <span
      className="date"
    >
      2019
    </span>
  </div>
  <span
    className="genre"
  >
    Fantasy
  </span>
</div>
`;
