// Jest Snapshot v1, https://goo.gl/fbAQLP

exports[`Filter should render Filter correctly 1`] = `
<div
  className="content"
>
  <span
    className="text"
  >
    Sort by
  </span>
  <div
    className="buttonGroup"
  >
    <button
      className="button"
      data-selected={true}
      key="1"
      onClick="someFunc()"
    >
      genre
    </button>
    <button
      className="button"
      data-selected={true}
      key="2"
      onClick="someFunc()"
    >
      title
    </button>
  </div>
</div>
`;
