// Jest Snapshot v1, https://goo.gl/fbAQLP

exports[`StatusBar should render with given state from Redux store 1`] = `
<section
  className="content"
>
  <div
    className="content"
  >
    <span
      className="text"
    >
      Sort by
    </span>
    <div
      className="buttonGroup"
    >
      <button
        className="button"
        data-selected={true}
        onClick={[Function]}
      >
        Release date
      </button>
      <button
        className="button"
        data-selected={false}
        onClick={[Function]}
      >
        Rating
      </button>
    </div>
  </div>
</section>
`;
